main/agent/system-prompt.ts(205,152): error TS1005: ';' expected.
main/agent/system-prompt.ts(205,156): error TS1110: Type expected.
main/agent/system-prompt.ts(206,3): error TS1109: Expression expected.
main/agent/system-prompt.ts(206,8): error TS1005: ';' expected.
main/agent/system-prompt.ts(206,15): error TS1003: Identifier expected.
main/agent/system-prompt.ts(206,23): error TS1005: ';' expected.
main/agent/system-prompt.ts(206,31): error TS1434: Unexpected keyword or identifier.
main/agent/system-prompt.ts(206,49): error TS1005: ';' expected.
main/agent/system-prompt.ts(207,1): error TS1003: Identifier expected.
main/agent/system-prompt.ts(207,3): error TS1109: Expression expected.
main/agent/system-prompt.ts(207,16): error TS1005: ';' expected.
main/agent/system-prompt.ts(207,26): error TS1003: Identifier expected.
main/agent/system-prompt.ts(207,35): error TS1005: ';' expected.
main/agent/system-prompt.ts(207,46): error TS1434: Unexpected keyword or identifier.
main/agent/system-prompt.ts(207,50): error TS1434: Unexpected keyword or identifier.
main/agent/system-prompt.ts(207,76): error TS1005: ';' expected.
main/agent/system-prompt.ts(207,78): error TS1434: Unexpected keyword or identifier.
main/agent/system-prompt.ts(208,10): error TS1005: ';' expected.
main/agent/system-prompt.ts(209,9): error TS1005: ';' expected.
main/agent/system-prompt.ts(210,9): error TS1005: ';' expected.
main/agent/system-prompt.ts(210,16): error TS1434: Unexpected keyword or identifier.
main/agent/system-prompt.ts(210,28): error TS1434: Unexpected keyword or identifier.
main/agent/system-prompt.ts(210,32): error TS1434: Unexpected keyword or identifier.
main/agent/system-prompt.ts(210,36): error TS1434: Unexpected keyword or identifier.
main/agent/system-prompt.ts(210,41): error TS1434: Unexpected keyword or identifier.
main/agent/system-prompt.ts(211,10): error TS1005: ';' expected.
main/agent/system-prompt.ts(212,3): error TS1109: Expression expected.
main/agent/system-prompt.ts(212,13): error TS1005: ';' expected.
main/agent/system-prompt.ts(212,37): error TS1005: ';' expected.
main/agent/system-prompt.ts(212,42): error TS1434: Unexpected keyword or identifier.
main/agent/system-prompt.ts(212,44): error TS1434: Unexpected keyword or identifier.
main/agent/system-prompt.ts(212,52): error TS1228: A type predicate is only allowed in return type position for functions and methods.
main/agent/system-prompt.ts(212,55): error TS1434: Unexpected keyword or identifier.
main/agent/system-prompt.ts(212,65): error TS1434: Unexpected keyword or identifier.
main/agent/system-prompt.ts(212,75): error TS1434: Unexpected keyword or identifier.
main/agent/system-prompt.ts(212,79): error TS1434: Unexpected keyword or identifier.
main/agent/system-prompt.ts(212,83): error TS1434: Unexpected keyword or identifier.
main/agent/system-prompt.ts(212,89): error TS1434: Unexpected keyword or identifier.
main/agent/system-prompt.ts(212,104): error TS1434: Unexpected keyword or identifier.
main/agent/system-prompt.ts(212,110): error TS1435: Unknown keyword or identifier. Did you mean 'case'?
main/agent/system-prompt.ts(212,116): error TS1434: Unexpected keyword or identifier.
main/agent/system-prompt.ts(212,129): error TS1434: Unexpected keyword or identifier.
main/agent/system-prompt.ts(212,134): error TS1434: Unexpected keyword or identifier.
main/agent/system-prompt.ts(212,137): error TS1434: Unexpected keyword or identifier.
main/agent/system-prompt.ts(212,143): error TS1434: Unexpected keyword or identifier.
main/agent/system-prompt.ts(212,167): error TS1005: ';' expected.
main/agent/system-prompt.ts(212,178): error TS1128: Declaration or statement expected.
main/agent/system-prompt.ts(212,183): error TS1127: Invalid character.
main/agent/system-prompt.ts(212,185): error TS1434: Unexpected keyword or identifier.
main/agent/system-prompt.ts(212,190): error TS1434: Unexpected keyword or identifier.
main/agent/system-prompt.ts(212,192): error TS1434: Unexpected keyword or identifier.
main/agent/system-prompt.ts(212,221): error TS1005: ';' expected.
main/agent/system-prompt.ts(212,239): error TS1005: ',' expected.
main/agent/system-prompt.ts(212,253): error TS1005: ',' expected.
main/agent/system-prompt.ts(212,265): error TS1005: ';' expected.
main/agent/system-prompt.ts(214,1): error TS1003: Identifier expected.
main/agent/system-prompt.ts(214,3): error TS1109: Expression expected.
main/agent/system-prompt.ts(216,1): error TS1127: Invalid character.
main/agent/system-prompt.ts(216,2): error TS1127: Invalid character.
main/agent/system-prompt.ts(216,4): error TS1005: ';' expected.
main/agent/system-prompt.ts(216,9): error TS1434: Unexpected keyword or identifier.
main/agent/system-prompt.ts(218,1): error TS1434: Unexpected keyword or identifier.
main/agent/system-prompt.ts(218,5): error TS1434: Unexpected keyword or identifier.
main/agent/system-prompt.ts(218,9): error TS1434: Unexpected keyword or identifier.
main/agent/system-prompt.ts(218,14): error TS1434: Unexpected keyword or identifier.
main/agent/system-prompt.ts(218,22): error TS1434: Unexpected keyword or identifier.
main/agent/system-prompt.ts(218,25): error TS1434: Unexpected keyword or identifier.
main/agent/system-prompt.ts(218,29): error TS1434: Unexpected keyword or identifier.
main/agent/system-prompt.ts(218,43): error TS1005: ',' expected.
main/agent/system-prompt.ts(218,48): error TS1005: ',' expected.
main/agent/system-prompt.ts(218,53): error TS1005: ',' expected.
main/agent/system-prompt.ts(218,69): error TS1005: ';' expected.
main/agent/system-prompt.ts(219,11): error TS1005: ';' expected.
main/agent/system-prompt.ts(219,21): error TS1109: Expression expected.
main/agent/system-prompt.ts(219,23): error TS1434: Unexpected keyword or identifier.
main/agent/system-prompt.ts(219,27): error TS1434: Unexpected keyword or identifier.
main/agent/system-prompt.ts(219,32): error TS1434: Unexpected keyword or identifier.
main/agent/system-prompt.ts(219,41): error TS1434: Unexpected keyword or identifier.
main/agent/system-prompt.ts(219,45): error TS1435: Unknown keyword or identifier. Did you mean 'finally'?
main/agent/system-prompt.ts(219,51): error TS1435: Unknown keyword or identifier. Did you mean 'out put'?
main/agent/system-prompt.ts(219,58): error TS1434: Unexpected keyword or identifier.
main/agent/system-prompt.ts(219,62): error TS1434: Unexpected keyword or identifier.
main/agent/system-prompt.ts(219,72): error TS1434: Unexpected keyword or identifier.
main/agent/system-prompt.ts(219,75): error TS1434: Unexpected keyword or identifier.
main/agent/system-prompt.ts(219,78): error TS1434: Unexpected keyword or identifier.
main/agent/system-prompt.ts(220,1): error TS1003: Identifier expected.
main/agent/system-prompt.ts(220,15): error TS1005: ';' expected.
main/agent/system-prompt.ts(220,25): error TS1109: Expression expected.
main/agent/system-prompt.ts(220,27): error TS1434: Unexpected keyword or identifier.
main/agent/system-prompt.ts(220,31): error TS1434: Unexpected keyword or identifier.
main/agent/system-prompt.ts(220,36): error TS1434: Unexpected keyword or identifier.
main/agent/system-prompt.ts(220,40): error TS1434: Unexpected keyword or identifier.
main/agent/system-prompt.ts(220,44): error TS1434: Unexpected keyword or identifier.
main/agent/system-prompt.ts(220,56): error TS1434: Unexpected keyword or identifier.
main/agent/system-prompt.ts(220,67): error TS1434: Unexpected keyword or identifier.
main/agent/system-prompt.ts(220,76): error TS1434: Unexpected keyword or identifier.
main/agent/system-prompt.ts(220,81): error TS1434: Unexpected keyword or identifier.
main/agent/system-prompt.ts(220,85): error TS1434: Unexpected keyword or identifier.
main/agent/system-prompt.ts(220,89): error TS1434: Unexpected keyword or identifier.
main/agent/system-prompt.ts(220,100): error TS1434: Unexpected keyword or identifier.
main/agent/system-prompt.ts(220,112): error TS1005: '(' expected.
main/agent/system-prompt.ts(221,1): error TS1003: Identifier expected.
main/agent/system-prompt.ts(221,20): error TS1005: ';' expected.
main/agent/system-prompt.ts(221,28): error TS1109: Expression expected.
main/agent/system-prompt.ts(221,30): error TS1434: Unexpected keyword or identifier.
main/agent/system-prompt.ts(221,34): error TS1434: Unexpected keyword or identifier.
main/agent/system-prompt.ts(221,42): error TS1228: A type predicate is only allowed in return type position for functions and methods.
main/agent/system-prompt.ts(221,45): error TS1434: Unexpected keyword or identifier.
main/agent/system-prompt.ts(221,55): error TS1434: Unexpected keyword or identifier.
main/agent/system-prompt.ts(221,65): error TS1434: Unexpected keyword or identifier.
main/agent/system-prompt.ts(221,69): error TS1434: Unexpected keyword or identifier.
main/agent/system-prompt.ts(221,85): error TS1005: '(' expected.
main/agent/system-prompt.ts(221,89): error TS1005: ')' expected.
main/agent/system-prompt.ts(221,104): error TS1434: Unexpected keyword or identifier.
main/agent/system-prompt.ts(221,110): error TS1434: Unexpected keyword or identifier.
main/agent/system-prompt.ts(223,1): error TS1003: Identifier expected.
main/agent/system-prompt.ts(223,9): error TS1005: ';' expected.
main/agent/system-prompt.ts(223,13): error TS1434: Unexpected keyword or identifier.
main/agent/system-prompt.ts(223,26): error TS1005: ';' expected.
main/agent/system-prompt.ts(223,45): error TS1003: Identifier expected.
main/agent/system-prompt.ts(223,57): error TS1005: ';' expected.
main/agent/system-prompt.ts(224,3): error TS1127: Invalid character.
main/agent/system-prompt.ts(224,5): error TS1109: Expression expected.
main/agent/system-prompt.ts(224,44): error TS1005: ')' expected.
main/agent/system-prompt.ts(224,49): error TS1434: Unexpected keyword or identifier.
main/agent/system-prompt.ts(224,54): error TS1434: Unexpected keyword or identifier.
main/agent/system-prompt.ts(224,62): error TS1128: Declaration or statement expected.
main/agent/system-prompt.ts(225,3): error TS1127: Invalid character.
main/agent/system-prompt.ts(225,5): error TS1109: Expression expected.
main/agent/system-prompt.ts(225,40): error TS1005: ')' expected.
main/agent/system-prompt.ts(225,45): error TS1434: Unexpected keyword or identifier.
main/agent/system-prompt.ts(225,50): error TS1434: Unexpected keyword or identifier.
main/agent/system-prompt.ts(225,58): error TS1128: Declaration or statement expected.
main/agent/system-prompt.ts(226,3): error TS1127: Invalid character.
main/agent/system-prompt.ts(226,5): error TS1109: Expression expected.
main/agent/system-prompt.ts(226,48): error TS1005: ')' expected.
main/agent/system-prompt.ts(226,63): error TS1005: ';' expected.
main/agent/system-prompt.ts(226,68): error TS1434: Unexpected keyword or identifier.
main/agent/system-prompt.ts(226,72): error TS1128: Declaration or statement expected.
main/agent/system-prompt.ts(227,3): error TS1127: Invalid character.
main/agent/system-prompt.ts(227,5): error TS1109: Expression expected.
main/agent/system-prompt.ts(227,35): error TS1005: ')' expected.
main/agent/system-prompt.ts(227,39): error TS1005: '(' expected.
main/agent/system-prompt.ts(227,50): error TS1005: ';' expected.
main/agent/system-prompt.ts(227,53): error TS1005: ';' expected.
main/agent/system-prompt.ts(227,55): error TS1005: ')' expected.
main/agent/system-prompt.ts(227,71): error TS1005: ';' expected.
main/agent/system-prompt.ts(227,75): error TS1128: Declaration or statement expected.
main/agent/system-prompt.ts(228,3): error TS1127: Invalid character.
main/agent/system-prompt.ts(228,5): error TS1434: Unexpected keyword or identifier.
main/agent/system-prompt.ts(228,12): error TS1434: Unexpected keyword or identifier.
main/agent/system-prompt.ts(228,18): error TS1434: Unexpected keyword or identifier.
main/agent/system-prompt.ts(228,23): error TS1434: Unexpected keyword or identifier.
main/agent/system-prompt.ts(228,31): error TS1434: Unexpected keyword or identifier.
main/agent/system-prompt.ts(228,33): error TS1434: Unexpected keyword or identifier.
main/agent/system-prompt.ts(228,49): error TS1005: ',' expected.
main/agent/system-prompt.ts(228,54): error TS1005: ',' expected.
main/agent/system-prompt.ts(228,66): error TS1005: ';' expected.
main/agent/system-prompt.ts(228,94): error TS1005: ';' expected.
main/agent/system-prompt.ts(229,3): error TS1127: Invalid character.
main/agent/system-prompt.ts(229,5): error TS1434: Unexpected keyword or identifier.
main/agent/system-prompt.ts(229,12): error TS1434: Unexpected keyword or identifier.
main/agent/system-prompt.ts(229,18): error TS1434: Unexpected keyword or identifier.
main/agent/system-prompt.ts(229,23): error TS1434: Unexpected keyword or identifier.
main/agent/system-prompt.ts(229,51): error TS1005: ',' expected.
main/agent/system-prompt.ts(229,56): error TS1005: ',' expected.
main/agent/system-prompt.ts(229,68): error TS1005: ';' expected.
main/agent/system-prompt.ts(229,74): error TS1434: Unexpected keyword or identifier.
main/agent/system-prompt.ts(229,91): error TS1005: ';' expected.
main/agent/system-prompt.ts(229,93): error TS1128: Declaration or statement expected.
main/agent/system-prompt.ts(231,1): error TS1109: Expression expected.
main/agent/system-prompt.ts(231,12): error TS1005: ';' expected.
main/agent/system-prompt.ts(231,27): error TS1005: ';' expected.
main/agent/system-prompt.ts(231,33): error TS1109: Expression expected.
main/agent/system-prompt.ts(231,35): error TS1434: Unexpected keyword or identifier.
main/agent/system-prompt.ts(231,38): error TS1434: Unexpected keyword or identifier.
main/agent/system-prompt.ts(231,43): error TS1434: Unexpected keyword or identifier.
main/agent/system-prompt.ts(231,52): error TS1434: Unexpected keyword or identifier.
main/agent/system-prompt.ts(231,61): error TS1434: Unexpected keyword or identifier.
main/agent/system-prompt.ts(231,69): error TS1434: Unexpected keyword or identifier.
main/agent/system-prompt.ts(231,129): error TS1005: ';' expected.
main/agent/system-prompt.ts(231,140): error TS1127: Invalid character.
main/agent/system-prompt.ts(231,142): error TS1434: Unexpected keyword or identifier.
main/agent/system-prompt.ts(231,146): error TS1434: Unexpected keyword or identifier.
main/agent/system-prompt.ts(231,151): error TS1434: Unexpected keyword or identifier.
main/agent/system-prompt.ts(231,155): error TS1434: Unexpected keyword or identifier.
main/agent/system-prompt.ts(231,163): error TS1434: Unexpected keyword or identifier.
main/agent/system-prompt.ts(231,165): error TS1434: Unexpected keyword or identifier.
main/agent/system-prompt.ts(231,175): error TS1127: Invalid character.
main/agent/system-prompt.ts(231,177): error TS1434: Unexpected keyword or identifier.
main/agent/system-prompt.ts(231,182): error TS1434: Unexpected keyword or identifier.
main/agent/system-prompt.ts(231,191): error TS1228: A type predicate is only allowed in return type position for functions and methods.
main/agent/system-prompt.ts(231,207): error TS1005: ';' expected.
main/agent/system-prompt.ts(231,214): error TS1434: Unexpected keyword or identifier.
main/agent/system-prompt.ts(231,219): error TS1434: Unexpected keyword or identifier.
main/agent/system-prompt.ts(231,226): error TS1434: Unexpected keyword or identifier.
main/agent/system-prompt.ts(231,229): error TS1434: Unexpected keyword or identifier.
main/agent/system-prompt.ts(231,233): error TS1435: Unknown keyword or identifier. Did you mean 'for'?
main/agent/system-prompt.ts(231,239): error TS1434: Unexpected keyword or identifier.
main/agent/system-prompt.ts(231,243): error TS1434: Unexpected keyword or identifier.
main/agent/system-prompt.ts(231,260): error TS1005: ';' expected.
main/agent/system-prompt.ts(231,268): error TS1434: Unexpected keyword or identifier.
main/agent/system-prompt.ts(231,272): error TS1434: Unexpected keyword or identifier.
main/agent/system-prompt.ts(231,289): error TS1005: ';' expected.
main/agent/system-prompt.ts(231,311): error TS1005: ';' expected.
main/agent/system-prompt.ts(233,1): error TS1003: Identifier expected.
main/agent/system-prompt.ts(233,14): error TS1005: ';' expected.
main/agent/system-prompt.ts(233,29): error TS1005: ';' expected.
main/agent/system-prompt.ts(234,7): error TS1005: ';' expected.
main/agent/system-prompt.ts(234,9): error TS1434: Unexpected keyword or identifier.
main/agent/system-prompt.ts(234,18): error TS1434: Unexpected keyword or identifier.
main/agent/system-prompt.ts(234,29): error TS1127: Invalid character.
main/agent/system-prompt.ts(234,31): error TS1109: Expression expected.
main/agent/system-prompt.ts(235,6): error TS1005: ';' expected.
main/agent/system-prompt.ts(235,12): error TS1434: Unexpected keyword or identifier.
main/agent/system-prompt.ts(235,14): error TS1434: Unexpected keyword or identifier.
main/agent/system-prompt.ts(235,28): error TS1434: Unexpected keyword or identifier.
main/agent/system-prompt.ts(235,33): error TS1434: Unexpected keyword or identifier.
main/agent/system-prompt.ts(235,51): error TS1005: ';' expected.
main/agent/system-prompt.ts(235,61): error TS1127: Invalid character.
main/agent/system-prompt.ts(235,63): error TS1109: Expression expected.
main/agent/system-prompt.ts(235,68): error TS1005: ';' expected.
main/agent/system-prompt.ts(235,72): error TS1434: Unexpected keyword or identifier.
main/agent/system-prompt.ts(235,83): error TS1005: ';' expected.
main/agent/system-prompt.ts(235,90): error TS1434: Unexpected keyword or identifier.
main/agent/system-prompt.ts(235,106): error TS1003: Identifier expected.
main/agent/system-prompt.ts(243,27): error TS1127: Invalid character.
main/agent/system-prompt.ts(245,3): error TS1109: Expression expected.
main/agent/system-prompt.ts(247,1): error TS1127: Invalid character.
main/agent/system-prompt.ts(247,2): error TS1127: Invalid character.
main/agent/system-prompt.ts(247,4): error TS1005: ';' expected.
main/agent/system-prompt.ts(249,1): error TS1127: Invalid character.
main/agent/system-prompt.ts(249,2): error TS1127: Invalid character.
main/agent/system-prompt.ts(249,3): error TS1127: Invalid character.
main/agent/system-prompt.ts(249,5): error TS1127: Invalid character.
main/agent/system-prompt.ts(368,1): error TS1005: '}' expected.
