src/app/components/Sidebar.tsx(213,90): error TS1005: ',' expected.
src/app/components/Sidebar.tsx(213,97): error TS1005: ':' expected.
src/app/components/Sidebar.tsx(213,125): error TS1005: ',' expected.
src/app/components/Sidebar.tsx(213,129): error TS1005: ',' expected.
src/app/components/Sidebar.tsx(213,145): error TS1005: ':' expected.
src/app/components/Sidebar.tsx(213,151): error TS1005: ',' expected.
src/app/components/Sidebar.tsx(213,171): error TS1005: ':' expected.
src/app/components/Sidebar.tsx(213,177): error TS1005: ',' expected.
src/app/components/Sidebar.tsx(213,182): error TS1002: Unterminated string literal.
src/app/components/Sidebar.tsx(214,32): error TS1005: ',' expected.
src/app/components/Sidebar.tsx(214,44): error TS1005: ',' expected.
src/app/components/Sidebar.tsx(214,87): error TS1005: ',' expected.
src/app/components/Sidebar.tsx(214,94): error TS1005: ',' expected.
src/app/components/Sidebar.tsx(214,105): error TS1005: ',' expected.
src/app/components/Sidebar.tsx(214,117): error TS1005: ',' expected.
src/app/components/Sidebar.tsx(214,124): error TS1131: Property or signature expected.
src/app/components/Sidebar.tsx(214,154): error TS1109: Expression expected.
src/app/components/Sidebar.tsx(215,21): error TS1109: Expression expected.
src/app/components/Sidebar.tsx(217,104): error TS1127: Invalid character.
src/app/components/Sidebar.tsx(217,105): error TS1005: ':' expected.
src/app/components/Sidebar.tsx(217,107): error TS1005: ',' expected.
src/app/components/Sidebar.tsx(217,107): error TS1351: An identifier or keyword cannot immediately follow a numeric literal.
src/app/components/Sidebar.tsx(217,111): error TS1005: ',' expected.
src/app/components/Sidebar.tsx(217,119): error TS1002: Unterminated string literal.
src/app/components/Sidebar.tsx(218,17): error TS1005: ':' expected.
src/app/components/Sidebar.tsx(219,15): error TS17002: Expected corresponding JSX closing tag for 'motion.div'.
src/app/components/Sidebar.tsx(220,9): error TS1005: ')' expected.
src/app/components/Sidebar.tsx(221,5): error TS1109: Expression expected.
src/app/components/WindowControls.tsx(47,39): error TS1002: Unterminated string literal.
src/app/components/WindowControls.tsx(48,21): error TS1005: ',' expected.
src/app/components/WindowControls.tsx(64,39): error TS1002: Unterminated string literal.
src/app/components/WindowControls.tsx(65,21): error TS1005: ',' expected.
src/app/components/WindowControls.tsx(81,39): error TS1002: Unterminated string literal.
src/app/components/WindowControls.tsx(82,21): error TS1005: ',' expected.
